RESULT olive/1 verts=3844 tris=2658
RESULT olive/2 verts=4196 tris=2994
RESULT olive/3 verts=3816 tris=2644
RESULT olive/4 verts=4368 tris=3240
RESULT olive/5 verts=3520 tris=2336
RESULT plane/1 verts=4728 tris=3708
RESULT plane/2 verts=5392 tris=4360
RESULT plane/3 verts=5776 tris=4872
RESULT plane/4 verts=5028 tris=3954
RESULT plane/5 verts=4532 tris=3290
RESULT cypress/1 verts=904 tris=548
RESULT cypress/2 verts=904 tris=548
RESULT cypress/3 verts=680 tris=436
RESULT cypress/4 verts=696 tris=444
RESULT cypress/5 verts=888 tris=540
RESULT tamarisk/1 verts=2840 tris=1804
RESULT tamarisk/2 verts=3912 tris=2916
RESULT tamarisk/3 verts=3564 tris=2678
RESULT tamarisk/4 verts=3128 tris=2236
RESULT tamarisk/5 verts=2784 tris=1776
RESULT fig/1 verts=1544 tris=1508
RESULT fig/2 verts=3024 tris=3336
RESULT fig/3 verts=1972 tris=2042
RESULT fig/4 verts=2000 tris=2056
RESULT fig/5 verts=1312 tris=1392
RESULT pine/1 verts=3548 tris=4558
RESULT pine/2 verts=3800 tris=4876
RESULT pine/3 verts=2708 tris=3498
RESULT pine/4 verts=3296 tris=4240
RESULT pine/5 verts=3128 tris=4028
RESULT giant/1 verts=5868 tris=5206
RESULT giant/2 verts=7428 tris=7202
RESULT giant/3 verts=6708 tris=6266
RESULT giant/4 verts=6204 tris=5694
RESULT giant/5 verts=6052 tris=5458
RESULT blossom/1 verts=13312 tris=9568
RESULT blossom/2 verts=17848 tris=13628
RESULT blossom/3 verts=16732 tris=12558
RESULT blossom/4 verts=19344 tris=15048
RESULT blossom/5 verts=13072 tris=9448
RESULT blossom/6 verts=13816 tris=10076
RESULT blossom/7 verts=17272 tris=13084
RESULT blossom/8 verts=16620 tris=12502
RESULT blossom/9 verts=19408 tris=15080
RESULT blossom/10 verts=13248 tris=9536
BATCH J DONE
