RESULT olive/1 verts=3606 tris=2098
RESULT olive/2 verts=3736 tris=2212
RESULT olive/3 verts=3946 tris=2380
RESULT olive/4 verts=3780 tris=2234
RESULT olive/5 verts=3320 tris=1910
RESULT plane/1 verts=4558 tris=2990
RESULT plane/2 verts=5558 tris=3826
RESULT plane/3 verts=4552 tris=2974
RESULT plane/4 verts=4510 tris=2914
RESULT plane/5 verts=4134 tris=2568
RESULT cypress/1 verts=886 tris=496
RESULT cypress/2 verts=886 tris=496
RESULT cypress/3 verts=644 tris=352
RESULT cypress/4 verts=660 tris=360
RESULT cypress/5 verts=870 tris=488
RESULT tamarisk/1 verts=2784 tris=1576
RESULT tamarisk/2 verts=3624 tris=2272
RESULT tamarisk/3 verts=3228 tris=2028
RESULT tamarisk/4 verts=3039 tris=1830
RESULT tamarisk/5 verts=2638 tris=1480
RESULT fig/1 verts=1048 tris=782
RESULT fig/2 verts=2332 tris=1968
RESULT fig/3 verts=1824 tris=1478
RESULT fig/4 verts=2228 tris=1836
RESULT fig/5 verts=1372 tris=1150
RESULT pine/1 verts=2322 tris=2024
RESULT pine/2 verts=2806 tris=2638
RESULT pine/3 verts=3078 tris=2938
RESULT pine/4 verts=2600 tris=2334
RESULT pine/5 verts=2730 tris=2504
RESULT blossom/1 verts=11052 tris=14934
RESULT blossom/2 verts=16363 tris=22090
RESULT blossom/3 verts=14315 tris=19050
RESULT blossom/4 verts=19545 tris=27360
RESULT blossom/5 verts=13583 tris=18810
RESULT blossom/1 verts=8078 tris=9302
RESULT blossom/2 verts=14318 tris=16678
RESULT blossom/3 verts=11218 tris=12838
RESULT blossom/4 verts=16204 tris=19948
RESULT blossom/5 verts=8918 tris=10814
RESULT blossom/1 verts=9501 tris=12176
RESULT blossom/2 verts=17623 tris=22592
RESULT blossom/3 verts=12808 tris=16016
RESULT blossom/4 verts=19030 tris=25400
RESULT blossom/5 verts=10910 tris=14388
BATCH TREES DONE
